11:39:19 **** Incremental Build of configuration Debug for project Contrat_6 ****
make -j8 all 
arm-none-eabi-gcc "../Core/Src/main.c" -mcpu=cortex-m4 -std=gnu11 -g3 -DDEBUG -DUSE_HAL_DRIVER -DSTM32L476xx -c -I../Core/Inc -I../Drivers/STM32L4xx_HAL_Driver/Inc -I../Drivers/STM32L4xx_HAL_Driver/Inc/Legacy -I../Drivers/CMSIS/Device/ST/STM32L4xx/Include -I../Drivers/CMSIS/Include -O0 -ffunction-sections -fdata-sections -Wall -fstack-usage -fcyclomatic-complexity -MMD -MP -MF"Core/Src/main.d" -MT"Core/Src/main.o" --specs=nano.specs -mfpu=fpv4-sp-d16 -mfloat-abi=hard -mthumb -o "Core/Src/main.o"
arm-none-eabi-gcc -o "Contrat_6.elf" @"objects.list"   -mcpu=cortex-m4 -T"D:\ISMIN\1A\S6\Conception_système_elec\Projet_Robot\Workspace\Contrat_6\STM32L476RGTX_FLASH.ld" --specs=nosys.specs -Wl,-Map="Contrat_6.map" -Wl,--gc-sections -static --specs=nano.specs -mfpu=fpv4-sp-d16 -mfloat-abi=hard -mthumb -Wl,--start-group -lc -lm -Wl,--end-group
Finished building target: Contrat_6.elf
 
arm-none-eabi-size  Contrat_6.elf 
arm-none-eabi-objdump -h -S Contrat_6.elf  > "Contrat_6.list"
   text	   data	    bss	    dec	    hex	filename
  35244	    116	   2716	  38076	   94bc	Contrat_6.elf
Finished building: default.size.stdout
 
Finished building: Contrat_6.list
 

11:39:23 Build Finished. 0 errors, 0 warnings. (took 4s.460ms)

