../Core/Src/main.c:95:5:main	8	static
../Core/Src/main.c:179:6:SystemClock_Config	120	static
../Core/Src/main.c:226:13:MX_I2C1_Init	8	static
../Core/Src/main.c:274:13:MX_TIM2_Init	56	static
../Core/Src/main.c:332:13:MX_USART1_UART_Init	8	static
../Core/Src/main.c:367:13:MX_USART2_UART_Init	8	static
../Core/Src/main.c:402:13:MX_GPIO_Init	40	static
../Core/Src/main.c:447:6:HAL_TIM_IC_CaptureCallback	16	static
../Core/Src/main.c:477:6:HAL_UART_RxCpltCallback	48	static
../Core/Src/main.c:506:6:Error_Handler	4	static,ignoring_inline_asm
