19:12:50 **** Incremental Build of configuration Debug for project workspace ****
make -j8 all 
arm-none-eabi-size  workspace.elf 
   text	   data	    bss	    dec	    hex	filename
  28172	    104	   3512	  31788	   7c2c	workspace.elf
Finished building: default.size.stdout
 
19:12:54 **** Incremental Build of configuration Debug for project workspace ****
make -j8 all 
arm-none-eabi-size  workspace.elf 
   text	   data	    bss	    dec	    hex	filename
  28172	    104	   3512	  31788	   7c2c	workspace.elf
Finished building: default.size.stdout
 
