../Core/Src/main.c:106:6:mesure_vitesse	4	static
../Core/Src/main.c:123:6:pid_vitesse	4	static
../Core/Src/main.c:146:6:parcours	96	static
../Core/Src/main.c:192:5:main	8	static
../Core/Src/main.c:273:6:SystemClock_Config	96	static
../Core/Src/main.c:323:13:MX_ADC1_Init	72	static
../Core/Src/main.c:422:13:MX_TIM2_Init	64	static
../Core/Src/main.c:485:13:MX_TIM3_Init	56	static
../Core/Src/main.c:534:13:MX_TIM4_Init	56	static
../Core/Src/main.c:583:13:MX_TIM6_Init	24	static
../Core/Src/main.c:621:13:MX_USART2_UART_Init	8	static
../Core/Src/main.c:656:13:MX_USART3_UART_Init	8	static
../Core/Src/main.c:689:13:MX_DMA_Init	16	static
../Core/Src/main.c:707:13:MX_GPIO_Init	48	static
../Core/Src/main.c:764:6:HAL_GPIO_EXTI_Callback	16	static
../Core/Src/main.c:770:6:HAL_ADC_LevelOutOfWindowCallback	16	static
../Core/Src/main.c:776:6:HAL_TIM_PeriodElapsedCallback	16	static
../Core/Src/main.c:818:6:Error_Handler	4	static,ignoring_inline_asm
